// Jest Snapshot v1, https://goo.gl/fbAQLP

exports[`CartSummary Component renders OrderSummary with Edit Cart link 1`] = `null`;
